Microchip MPLAB XC8 Compiler V2.32

Linker command line:

-W-3 --edf=C:\Program Files\Microchip\xc8\v2.32\pic\dat\en_msgs.txt -cn \
  -h+dist/default/debug\PROYECTO_MPLAB.debug.sym \
  --cmf=dist/default/debug\PROYECTO_MPLAB.debug.cmf -z -Q16F887 \
  -oC:\Users\jocar\AppData\Local\Temp\xcAsdv4.4 --defsym=__MPLAB_BUILD=1 \
  -Mdist/default/debug/PROYECTO_MPLAB.debug.map -E1 -ver=XC8 Compiler \
  --acfsm=1493 -ASTACK=0110h-016Fh -pstack=STACK \
  -ACODE=00h-07FFhx3,01800h-01EFFh,01FFFh-01FFFh \
  -ASTRCODE=00h-01EFFh,01FFFh-01FFFh -ASTRING=00h-0FFhx31,01FFFh-01FFFh \
  -ACONST=00h-0FFhx31,01FFFh-01FFFh -AENTRY=00h-0FFhx31,01FFFh-01FFFh \
  -ACOMMON=071h-07Fh -ABANK0=020h-06Fh -ABANK1=0A0h-0EFh \
  -ABANK2=0110h-016Fh -ABANK3=0190h-01E4h \
  -ARAM=020h-06Fh,0A0h-0EFh,0110h-016Fh,0190h-01E4h \
  -AABS1=020h-07Fh,0A0h-0EFh,0110h-016Fh,0190h-01EFh -ASFR0=00h-01Fh \
  -ASFR1=080h-09Fh -ASFR2=0100h-010Fh -ASFR3=0180h-018Fh \
  -ACONFIG=02007h-02008h -DCONFIG=2 -AIDLOC=02000h-02003h -DIDLOC=2 \
  -AEEDATA=00h-0FFh/02100h -peeprom_data=EEDATA -DEEDATA=2 -DCODE=2 \
  -DSTRCODE=2 -DSTRING=2 -DCONST=2 -DENTRY=2 \
  -preset_vec=00h,intentry=04h,init,end_init -ppowerup=CODE -pcinit=CODE \
  -pfunctab=ENTRY -k C:\Users\jocar\AppData\Local\Temp\xcAsdv4.o \
  dist/default/debug\PROYECTO_MPLAB.debug.o 

Object code version is 3.11

Machine type is 16F887



                Name                               Link     Load   Length Selector   Space Scale
C:\Users\jocar\AppData\Local\Temp\xcAsdv4.o
                end_init                              C        C        3        8       0
                reset_vec                             0        0        4        0       0
                config                             2007     2007        2        0       4
dist/default/debug\PROYECTO_MPLAB.debug.o
                cinit                               7EF      7EF       11      FDE       0
                intentry                              4        4        8        8       0
                config                             2007     2007        2        0       4
                text21                              128      128       1E      250       0
                text20                              1CF      1CF       3B      39E       0
                text19                               E4       E4        E      1C8       0
                text18                              246      246       41      48C       0
                text17                              1A0      1A0       2F      340       0
                text16                              522      522       74      A44       0
                text15                              10C      10C       1C      218       0
                text14                              146      146       2C      28C       0
                text13                              4B9      4B9       69      972       0
                text12                              403      403       5B      806       0
                text11                              3AC      3AC       57      758       0
                text10                              2CA      2CA       46      594       0
                text9                               20A      20A       3C      414       0
                text8                               705      705       EA      E0A       0
                text7                               45E      45E       5B      8BC       0
                text6                               35B      35B       51      6B6       0
                text5                               172      172       2E      2E4       0
                text4                               310      310       4B      620       0
                text3                               596      596       B5      B2C       0
                text2                                F2       F2       1A      1E4       0
                text1                               287      287       43      50E       0
                maintext                            64B      64B       BA      C96       0
                cstackBANK0                          20       20       28       20       1
                cstackCOMMON                         71       71        5       71       1
                clrtext                              DC       DC        8      1B8       0
                bssBANK0                             48       48       24       20       1
                bssCOMMON                            76       76        4       71       1
                strings                               F        F       4C       1E       0

TOTAL           Name                               Link     Load   Length     Space
        CLASS   STACK          

        CLASS   CODE           
                end_init                              C        C        3         0
                cinit                               7EF      7EF       11         0
                intentry                              4        4        8         0
                reset_vec                             0        0        4         0
                text21                              128      128       1E         0
                text20                              1CF      1CF       3B         0
                text19                               E4       E4        E         0
                text18                              246      246       41         0
                text17                              1A0      1A0       2F         0
                text16                              522      522       74         0
                text15                              10C      10C       1C         0
                text14                              146      146       2C         0
                text13                              4B9      4B9       69         0
                text12                              403      403       5B         0
                text11                              3AC      3AC       57         0
                text10                              2CA      2CA       46         0
                text9                               20A      20A       3C         0
                text8                               705      705       EA         0
                text7                               45E      45E       5B         0
                text6                               35B      35B       51         0
                text5                               172      172       2E         0
                text4                               310      310       4B         0
                text3                               596      596       B5         0
                text2                                F2       F2       1A         0
                text1                               287      287       43         0
                maintext                            64B      64B       BA         0
                clrtext                              DC       DC        8         0

        CLASS   STRCODE        

        CLASS   STRING         
                strings                               F        F       4C         0

        CLASS   CONST          

        CLASS   ENTRY          

        CLASS   COMMON         
                cstackCOMMON                         71       71        5         1
                bssCOMMON                            76       76        4         1

        CLASS   BANK0          
                cstackBANK0                          20       20       28         1
                bssBANK0                             48       48       24         1

        CLASS   BANK1          

        CLASS   BANK2          

        CLASS   BANK3          

        CLASS   RAM            

        CLASS   ABS1           
                abs_s1                               7E       7E        2         1

        CLASS   SFR0           

        CLASS   SFR1           

        CLASS   SFR2           

        CLASS   SFR3           

        CLASS   CONFIG         
                config                             2007     2007        2         4

        CLASS   IDLOC          

        CLASS   EEDATA         



SEGMENTS        Name                           Load    Length   Top    Selector   Space  Class     Delta

                reset_vec                      000000  000004  000004         0       0  CODE        2
                intentry                       000004  00000B  00000F         8       0  CODE        2
                strings                        00000F  00004C  00005B        1E       0  STRING      2
                cstackBANK0                    000020  00004C  00006C        20       1  BANK0       1
                cstackCOMMON                   000071  000009  00007A        71       1  COMMON      1
                clrtext                        0000DC  000008  0000E4       1B8       0  CODE        2
                text19                         0000E4  00000E  0000F2       1C8       0  CODE        2
                text2                          0000F2  00001A  00010C       1E4       0  CODE        2
                text15                         00010C  00001C  000128       218       0  CODE        2
                text21                         000128  00001E  000146       250       0  CODE        2
                text14                         000146  00002C  000172       28C       0  CODE        2
                text5                          000172  00002E  0001A0       2E4       0  CODE        2
                text17                         0001A0  00002F  0001CF       340       0  CODE        2
                text20                         0001CF  00003B  00020A       39E       0  CODE        2
                text9                          00020A  00003C  000246       414       0  CODE        2
                text18                         000246  000041  000287       48C       0  CODE        2
                text1                          000287  000043  0002CA       50E       0  CODE        2
                text10                         0002CA  000046  000310       594       0  CODE        2
                text4                          000310  00004B  00035B       620       0  CODE        2
                text6                          00035B  000051  0003AC       6B6       0  CODE        2
                text11                         0003AC  000057  000403       758       0  CODE        2
                text12                         000403  00005B  00045E       806       0  CODE        2
                text7                          00045E  00005B  0004B9       8BC       0  CODE        2
                text13                         0004B9  000069  000522       972       0  CODE        2
                text16                         000522  000074  000596       A44       0  CODE        2
                text3                          000596  0000B5  00064B       B2C       0  CODE        2
                maintext                       00064B  0000BA  000705       C96       0  CODE        2
                text8                          000705  0000EA  0007EF       E0A       0  CODE        2
                cinit                          0007EF  000011  000800       FDE       0  CODE        2


UNUSED ADDRESS RANGES

        Name                Unused          Largest block    Delta
        BANK0            006C-006F              4           1
        BANK1            00A0-00EF             50           1
        BANK2            0110-016F             60           1
        BANK3            0190-01E4             55           1
        CODE             005B-00DB             81           2
                         0800-1EFF            800
                         1FFF-1FFF              1
        COMMON           007A-007D              4           1
        CONST            005B-00DB             81           2
                         0800-1EFF            100
                         1FFF-1FFF              1
        EEDATA           2100-21FF            100           2
        ENTRY            005B-00DB             81           2
                         0800-1EFF            100
                         1FFF-1FFF              1
        IDLOC            2000-2003              4           2
        RAM              006C-006F              4           1
                         00A0-00EF             50
                         0110-016F             60
                         0190-01E4             55
        SFR0             0000-001F             20           1
        SFR1             0080-009F             20           1
        SFR2             0100-010F             10           1
        SFR3             0180-018F             10           1
        STACK            0110-016F             60           1
        STRCODE          005B-00DB             81           2
                         0800-1EFF           1700
                         1FFF-1FFF              1
        STRING           005B-00DB             81           2
                         0800-1EFF            100
                         1FFF-1FFF              1

                                  Symbol Table

?___awdiv                     cstackBANK0  0020
?___awmod                     cstackBANK0  0020
?___lwdiv                     cstackBANK0  0020
?___lwmod                     cstackBANK0  0027
?_sprintf                     cstackBANK0  002D
Config_USART@Freq             cstackBANK0  0022
Config_USART@baud_rate        cstackBANK0  0020
Escribir_comandoLCD@Comando   cstackBANK0  0020
Escribir_stringLCD@d          cstackBANK0  0021
Escribir_stringLCD@i          cstackBANK0  0024
_ADC                          text21       0128
_ADCON0bits                   (abs)        001F
_ADCON1bits                   (abs)        009F
_ADRESH                       (abs)        001E
_ANSEL                        (abs)        0188
_ANSELH                       (abs)        0189
_BAUDCTLbits                  (abs)        0187
_Config_USART                 text3        0596
_Cont_U                       bssBANK0     0048
_Escribir_comandoLCD          text18       0246
_Escribir_stringLCD           text17       01A0
_INTCONbits                   (abs)        000B
_Iniciar_LCD                  text16       0522
_Limpiar_pantallaLCD          text15       010C
_OSCCONbits                   (abs)        008F
_PIE1bits                     (abs)        008C
_PIR1bits                     (abs)        000C
_PORTA                        (abs)        0005
_PORTB                        (abs)        0006
_PORTBbits                    (abs)        0006
_PORTC                        (abs)        0007
_PORTCbits                    (abs)        0007
_PORTD                        (abs)        0008
_PORTDbits                    (abs)        0008
_PORTE                        (abs)        0009
_RCREG                        (abs)        001A
_RCSTAbits                    (abs)        0018
_SPBRG                        (abs)        0099
_SPBRGH                       (abs)        009A
_TRISA                        (abs)        0085
_TRISB                        (abs)        0086
_TRISC                        (abs)        0087
_TRISD                        (abs)        0088
_TRISE                        (abs)        0089
_TXSTAbits                    (abs)        0098
__Habs1                       abs1         0000
__Hbank0                      bank0        0000
__Hbank1                      bank1        0000
__Hbank2                      bank2        0000
__Hbank3                      bank3        0000
__HbssBANK0                   bssBANK0     0000
__HbssCOMMON                  bssCOMMON    0000
__Hcinit                      cinit        0800
__Hclrtext                    clrtext      0000
__Hcode                       code         0000
__Hcommon                     common       0000
__Hconfig                     config       2009
__HcstackBANK0                cstackBANK0  0000
__HcstackCOMMON               cstackCOMMON 0000
__Heeprom_data                eeprom_data  0000
__Hend_init                   end_init     000F
__Hfunctab                    functab      0000
__Hinit                       init         000C
__Hintentry                   intentry     000C
__Hmaintext                   maintext     0000
__Hpowerup                    powerup      0000
__Hram                        ram          0000
__Hreset_vec                  reset_vec    0004
__Hsfr0                       sfr0         0000
__Hsfr1                       sfr1         0000
__Hsfr2                       sfr2         0000
__Hsfr3                       sfr3         0000
__Hspace_0                    (abs)        0800
__Hspace_1                    (abs)        007A
__Hspace_2                    (abs)        0000
__Hspace_3                    (abs)        0000
__Hspace_4                    (abs)        4010
__Hstack                      stack        0000
__Hstrings                    strings      0000
__Htext                       text         0000
__Labs1                       abs1         0000
__Lbank0                      bank0        0000
__Lbank1                      bank1        0000
__Lbank2                      bank2        0000
__Lbank3                      bank3        0000
__LbssBANK0                   bssBANK0     0000
__LbssCOMMON                  bssCOMMON    0000
__Lcinit                      cinit        07EF
__Lclrtext                    clrtext      0000
__Lcode                       code         0000
__Lcommon                     common       0000
__Lconfig                     config       0000
__LcstackBANK0                cstackBANK0  0000
__LcstackCOMMON               cstackCOMMON 0000
__Leeprom_data                eeprom_data  0000
__Lend_init                   end_init     000C
__Lfunctab                    functab      0000
__Linit                       init         000C
__Lintentry                   intentry     0004
__Lmaintext                   maintext     0000
__Lpowerup                    powerup      0000
__Lram                        ram          0000
__Lreset_vec                  reset_vec    0000
__Lsfr0                       sfr0         0000
__Lsfr1                       sfr1         0000
__Lsfr2                       sfr2         0000
__Lsfr3                       sfr3         0000
__Lspace_0                    (abs)        0000
__Lspace_1                    (abs)        0000
__Lspace_2                    (abs)        0000
__Lspace_3                    (abs)        0000
__Lspace_4                    (abs)        0000
__Lstack                      stack        0000
__Lstrings                    strings      0000
__Ltext                       text         0000
__S0                          (abs)        0800
__S1                          (abs)        007A
__S2                          (abs)        0000
__S3                          (abs)        0000
___awdiv                      text13       04B9
___awdiv@counter              cstackBANK0  0024
___awdiv@dividend             cstackBANK0  0022
___awdiv@divisor              cstackBANK0  0020
___awdiv@quotient             cstackBANK0  0026
___awdiv@sign                 cstackBANK0  0025
___awmod                      text12       0403
___awmod@counter              cstackBANK0  0024
___awmod@dividend             cstackBANK0  0022
___awmod@divisor              cstackBANK0  0020
___awmod@sign                 cstackBANK0  0025
___int_sp                     stack        0000
___latbits                    (abs)        0002
___lwdiv                      text10       02CA
___lwdiv@counter              cstackBANK0  0024
___lwdiv@dividend             cstackBANK0  0022
___lwdiv@divisor              cstackBANK0  0020
___lwdiv@quotient             cstackBANK0  0025
___lwmod                      text9        020A
___lwmod@counter              cstackBANK0  002C
___lwmod@dividend             cstackBANK0  0029
___lwmod@divisor              cstackBANK0  0027
___sp                         stack        0000
___stackhi                    (abs)        0000
___stacklo                    (abs)        0000
__end_of_ADC                  text21       0146
__end_of_Config_USART         text3        064B
__end_of_Escribir_comandoLCD  text18       0287
__end_of_Escribir_stringLCD   text17       01CF
__end_of_Iniciar_LCD          text16       0596
__end_of_Limpiar_pantallaLCD  text15       0128
__end_of___awdiv              text13       0522
__end_of___awmod              text12       045E
__end_of___lwdiv              text10       0310
__end_of___lwmod              text9        0246
__end_of__initialization      cinit        07FC
__end_of__stringtab           strings      001F
__end_of_config_ADC           text2        010C
__end_of_conversion           text14       0172
__end_of_conversion_char      text7        04B9
__end_of_dato_recibido        text5        01A0
__end_of_divisor              text11       0403
__end_of_divisor1             text6        03AC
__end_of_dpowers              strings      0029
__end_of_isr                  text20       020A
__end_of_main                 maintext     0705
__end_of_prender_ELCD         text19       00F2
__end_of_set_cursor           text4        035B
__end_of_setup                text1        02CA
__end_of_sprintf              text8        07EF
__initialization              cinit        07EF
__pbssBANK0                   bssBANK0     0048
__pbssCOMMON                  bssCOMMON    0076
__pcstackBANK0                cstackBANK0  0020
__pcstackCOMMON               cstackCOMMON 0071
__pintentry                   intentry     0004
__pmaintext                   maintext     064B
__pstrings                    strings      000F
__ptext1                      text1        0287
__ptext10                     text10       02CA
__ptext11                     text11       03AC
__ptext12                     text12       0403
__ptext13                     text13       04B9
__ptext14                     text14       0146
__ptext15                     text15       010C
__ptext16                     text16       0522
__ptext17                     text17       01A0
__ptext18                     text18       0246
__ptext19                     text19       00E4
__ptext2                      text2        00F2
__ptext20                     text20       01CF
__ptext21                     text21       0128
__ptext3                      text3        0596
__ptext4                      text4        0310
__ptext5                      text5        0172
__ptext6                      text6        035B
__ptext7                      text7        045E
__ptext8                      text8        0705
__ptext9                      text9        020A
__size_of_ADC                 (abs)        0000
__size_of_Config_USART        (abs)        0000
__size_of_Escribir_comandoLCD (abs)        0000
__size_of_Escribir_stringLCD  (abs)        0000
__size_of_Iniciar_LCD         (abs)        0000
__size_of_Limpiar_pantallaLCD (abs)        0000
__size_of___awdiv             (abs)        0000
__size_of___awmod             (abs)        0000
__size_of___lwdiv             (abs)        0000
__size_of___lwmod             (abs)        0000
__size_of_config_ADC          (abs)        0000
__size_of_conversion          (abs)        0000
__size_of_conversion_char     (abs)        0000
__size_of_dato_recibido       (abs)        0000
__size_of_divisor             (abs)        0000
__size_of_divisor1            (abs)        0000
__size_of_isr                 (abs)        0000
__size_of_main                (abs)        0000
__size_of_prender_ELCD        (abs)        0000
__size_of_set_cursor          (abs)        0000
__size_of_setup               (abs)        0000
__size_of_sprintf             (abs)        0000
__stringbase                  strings      001E
__stringtab                   strings      000F
_buffer1                      bssBANK0     005F
_buffer2                      bssBANK0     0055
_buffer3                      bssBANK0     004B
_config_ADC                   text2        00F2
_cont1                        bssBANK0     004A
_cont2                        bssBANK0     0049
_conversion                   text14       0146
_conversion_char              text7        045E
_dato                         bssCOMMON    0076
_dato_recibido                text5        0172
_divisor                      text11       03AC
_divisor1                     text6        035B
_dpowers                      strings      001F
_isr                          text20       01CF
_main                         maintext     064B
_prender_ELCD                 text19       00E4
_set_cursor                   text4        0310
_setup                        text1        0287
_sprintf                      text8        0705
_vol1                         bssBANK0     006B
_vol2                         bssBANK0     006A
_vol3                         bssBANK0     0069
btemp                         (abs)        007E
clear_ram0                    clrtext      00DC
config_ADC@channel            cstackBANK0  0020
divisor1@a                    cstackBANK0  002D
divisor1@dig                  cstackBANK0  0028
divisor1@i                    cstackBANK0  002E
divisor@a                     cstackBANK0  002B
divisor@b                     cstackBANK0  002C
divisor@dig                   cstackBANK0  0028
divisor@i                     cstackBANK0  002E
end_of_initialization         cinit        07FC
interrupt_function            intentry     0004
intlevel0                     functab      0000
intlevel1                     functab      0000
intlevel2                     functab      0000
intlevel3                     functab      0000
intlevel4                     functab      0000
intlevel5                     functab      0000
reset_vec                     reset_vec    0000
saved_w                       (abs)        007E
set_cursor@linea              cstackBANK0  0024
set_cursor@posicion           cstackBANK0  0021
sprintf@ap                    cstackBANK0  0037
sprintf@c                     cstackBANK0  003D
sprintf@f                     cstackBANK0  002D
sprintf@flag                  cstackBANK0  0038
sprintf@prec                  cstackBANK0  0039
sprintf@sp                    cstackBANK0  003C
sprintf@val                   cstackBANK0  003A
start                         init         000C
start_initialization          cinit        07EF
wtemp0                        (abs)        007E


MODULE INFORMATION

Module		Function		Class		Link	Load	Size
USART.c
		_Config_USART  		CODE           	0596	0000	181

USART.c estimated size: 181

LAB2.c
		_main          		CODE           	064B	0000	186
		_isr           		CODE           	01CF	0000	59
		_conversion_char		CODE           	045E	0000	91
		_setup         		CODE           	0287	0000	67
		_divisor       		CODE           	03AC	0000	87
		_divisor1      		CODE           	035B	0000	81
		_dato_recibido 		CODE           	0172	0000	46

LAB2.c estimated size: 617

C:\Program Files\Microchip\xc8\v2.32\pic\sources\c90\common\lwmod.c
		___lwmod       		CODE           	020A	0000	60

C:\Program Files\Microchip\xc8\v2.32\pic\sources\c90\common\lwmod.c estimated size: 60

C:\Program Files\Microchip\xc8\v2.32\pic\sources\c90\common\awmod.c
		___awmod       		CODE           	0403	0000	91

C:\Program Files\Microchip\xc8\v2.32\pic\sources\c90\common\awmod.c estimated size: 91

shared
		__stringtab    		STRING         	000F	0000	16
		_dpowers       		STRING         	001F	0000	10
		__initialization		CODE           	07EF	0000	13

shared estimated size: 39

ADC.c
		_ADC           		CODE           	0128	0000	30
		_conversion    		CODE           	0146	0000	44
		_config_ADC    		CODE           	00F2	0000	26

ADC.c estimated size: 100

C:\Program Files\Microchip\xc8\v2.32\pic\sources\c90\common\doprnt.c
		_sprintf       		CODE           	0705	0000	234

C:\Program Files\Microchip\xc8\v2.32\pic\sources\c90\common\doprnt.c estimated size: 234

C:\Program Files\Microchip\xc8\v2.32\pic\sources\c90\common\lwdiv.c
		___lwdiv       		CODE           	02CA	0000	70

C:\Program Files\Microchip\xc8\v2.32\pic\sources\c90\common\lwdiv.c estimated size: 70

C:\Program Files\Microchip\xc8\v2.32\pic\sources\c90\common\awdiv.c
		___awdiv       		CODE           	04B9	0000	105

C:\Program Files\Microchip\xc8\v2.32\pic\sources\c90\common\awdiv.c estimated size: 105

LCD.c
		_Iniciar_LCD   		CODE           	0522	0000	116
		_set_cursor    		CODE           	0310	0000	75
		_Escribir_stringLCD		CODE           	01A0	0000	47
		_Limpiar_pantallaLCD		CODE           	010C	0000	28
		_Escribir_comandoLCD		CODE           	0246	0000	65
		_prender_ELCD  		CODE           	00E4	0000	14

LCD.c estimated size: 345

