Microchip MPLAB XC8 Compiler V2.32

Linker command line:

-W-3 --edf=C:\Program Files\Microchip\xc8\v2.32\pic\dat\en_msgs.txt -cn \
  -h+dist/default/debug\PROYECTO_MPLAB.debug.sym \
  --cmf=dist/default/debug\PROYECTO_MPLAB.debug.cmf -z -Q16F887 \
  -oC:\Users\jocar\AppData\Local\Temp\xcAskv4.4 --defsym=__MPLAB_BUILD=1 \
  -Mdist/default/debug/PROYECTO_MPLAB.debug.map -E1 -ver=XC8 Compiler \
  --acfsm=1493 -ASTACK=0110h-016Fh -pstack=STACK \
  -ACODE=00h-07FFhx3,01800h-01EFFh,01FFFh-01FFFh \
  -ASTRCODE=00h-01EFFh,01FFFh-01FFFh -ASTRING=00h-0FFhx31,01FFFh-01FFFh \
  -ACONST=00h-0FFhx31,01FFFh-01FFFh -AENTRY=00h-0FFhx31,01FFFh-01FFFh \
  -ACOMMON=071h-07Fh -ABANK0=020h-06Fh -ABANK1=0A0h-0EFh \
  -ABANK2=0110h-016Fh -ABANK3=0190h-01E4h \
  -ARAM=020h-06Fh,0A0h-0EFh,0110h-016Fh,0190h-01E4h \
  -AABS1=020h-07Fh,0A0h-0EFh,0110h-016Fh,0190h-01EFh -ASFR0=00h-01Fh \
  -ASFR1=080h-09Fh -ASFR2=0100h-010Fh -ASFR3=0180h-018Fh \
  -ACONFIG=02007h-02008h -DCONFIG=2 -AIDLOC=02000h-02003h -DIDLOC=2 \
  -AEEDATA=00h-0FFh/02100h -peeprom_data=EEDATA -DEEDATA=2 -DCODE=2 \
  -DSTRCODE=2 -DSTRING=2 -DCONST=2 -DENTRY=2 \
  -preset_vec=00h,intentry=04h,init,end_init -ppowerup=CODE -pcinit=CODE \
  -pfunctab=ENTRY -k C:\Users\jocar\AppData\Local\Temp\xcAskv4.o \
  dist/default/debug\PROYECTO_MPLAB.debug.o 

Object code version is 3.11

Machine type is 16F887



                Name                               Link     Load   Length Selector   Space Scale
C:\Users\jocar\AppData\Local\Temp\xcAskv4.o
                end_init                              C        C        3        8       0
                reset_vec                             0        0        4        0       0
                config                             2007     2007        2        0       4
dist/default/debug\PROYECTO_MPLAB.debug.o
                cinit                               7EF      7EF       11      FDE       0
                intentry                              4        4        8        8       0
                config                             2007     2007        2        0       4
                text20                              1DA      1DA       1E      3B4       0
                text19                              281      281       3B      502       0
                text18                              196      196        E      32C       0
                text17                              2F8      2F8       41      5F0       0
                text16                              252      252       2F      4A4       0
                text15                              5D7      5D7       74      BAE       0
                text14                              1BE      1BE       1C      37C       0
                text13                              1F8      1F8       2C      3F0       0
                text12                              56E      56E       69      ADC       0
                text11                              4B8      4B8       5B      970       0
                text10                              461      461       57      8C2       0
                text9                               339      339       46      672       0
                text8                               2BC      2BC       3C      578       0
                text7                               705      705       EA      E0A       0
                text6                               513      513       5B      A26       0
                text5                               410      410       51      820       0
                text4                               224      224       2E      448       0
                text3                               3C5      3C5       4B      78A       0
                text2                               1A4      1A4       1A      348       0
                text1                               37F      37F       46      6FE       0
                maintext                            64B      64B       BA      C96       0
                cstackBANK0                          20       20       28       20       1
                cstackCOMMON                         71       71        5       71       1
                clrtext                             18E      18E        8      31C       0
                bssBANK0                             48       48       24       20       1
                bssCOMMON                            76       76        4       71       1
                strings                               F        F       4C       1E       0

TOTAL           Name                               Link     Load   Length     Space
        CLASS   STACK          

        CLASS   CODE           
                end_init                              C        C        3         0
                cinit                               7EF      7EF       11         0
                intentry                              4        4        8         0
                reset_vec                             0        0        4         0
                text20                              1DA      1DA       1E         0
                text19                              281      281       3B         0
                text18                              196      196        E         0
                text17                              2F8      2F8       41         0
                text16                              252      252       2F         0
                text15                              5D7      5D7       74         0
                text14                              1BE      1BE       1C         0
                text13                              1F8      1F8       2C         0
                text12                              56E      56E       69         0
                text11                              4B8      4B8       5B         0
                text10                              461      461       57         0
                text9                               339      339       46         0
                text8                               2BC      2BC       3C         0
                text7                               705      705       EA         0
                text6                               513      513       5B         0
                text5                               410      410       51         0
                text4                               224      224       2E         0
                text3                               3C5      3C5       4B         0
                text2                               1A4      1A4       1A         0
                text1                               37F      37F       46         0
                maintext                            64B      64B       BA         0
                clrtext                             18E      18E        8         0

        CLASS   STRCODE        

        CLASS   STRING         
                strings                               F        F       4C         0

        CLASS   CONST          

        CLASS   ENTRY          

        CLASS   COMMON         
                cstackCOMMON                         71       71        5         1
                bssCOMMON                            76       76        4         1

        CLASS   BANK0          
                cstackBANK0                          20       20       28         1
                bssBANK0                             48       48       24         1

        CLASS   BANK1          

        CLASS   BANK2          

        CLASS   BANK3          

        CLASS   RAM            

        CLASS   ABS1           
                abs_s1                               7E       7E        2         1

        CLASS   SFR0           

        CLASS   SFR1           

        CLASS   SFR2           

        CLASS   SFR3           

        CLASS   CONFIG         
                config                             2007     2007        2         4

        CLASS   IDLOC          

        CLASS   EEDATA         



SEGMENTS        Name                           Load    Length   Top    Selector   Space  Class     Delta

                reset_vec                      000000  000004  000004         0       0  CODE        2
                intentry                       000004  00000B  00000F         8       0  CODE        2
                strings                        00000F  00004C  00005B        1E       0  STRING      2
                cstackBANK0                    000020  00004C  00006C        20       1  BANK0       1
                cstackCOMMON                   000071  000009  00007A        71       1  COMMON      1
                clrtext                        00018E  000008  000196       31C       0  CODE        2
                text18                         000196  00000E  0001A4       32C       0  CODE        2
                text2                          0001A4  00001A  0001BE       348       0  CODE        2
                text14                         0001BE  00001C  0001DA       37C       0  CODE        2
                text20                         0001DA  00001E  0001F8       3B4       0  CODE        2
                text13                         0001F8  00002C  000224       3F0       0  CODE        2
                text4                          000224  00002E  000252       448       0  CODE        2
                text16                         000252  00002F  000281       4A4       0  CODE        2
                text19                         000281  00003B  0002BC       502       0  CODE        2
                text8                          0002BC  00003C  0002F8       578       0  CODE        2
                text17                         0002F8  000041  000339       5F0       0  CODE        2
                text9                          000339  000046  00037F       672       0  CODE        2
                text1                          00037F  000046  0003C5       6FE       0  CODE        2
                text3                          0003C5  00004B  000410       78A       0  CODE        2
                text5                          000410  000051  000461       820       0  CODE        2
                text10                         000461  000057  0004B8       8C2       0  CODE        2
                text11                         0004B8  00005B  000513       970       0  CODE        2
                text6                          000513  00005B  00056E       A26       0  CODE        2
                text12                         00056E  000069  0005D7       ADC       0  CODE        2
                text15                         0005D7  000074  00064B       BAE       0  CODE        2
                maintext                       00064B  0000BA  000705       C96       0  CODE        2
                text7                          000705  0000EA  0007EF       E0A       0  CODE        2
                cinit                          0007EF  000011  000800       FDE       0  CODE        2


UNUSED ADDRESS RANGES

        Name                Unused          Largest block    Delta
        BANK0            006C-006F              4           1
        BANK1            00A0-00EF             50           1
        BANK2            0110-016F             60           1
        BANK3            0190-01E4             55           1
        CODE             005B-018D            133           2
                         0800-1EFF            800
                         1FFF-1FFF              1
        COMMON           007A-007D              4           1
        CONST            005B-018D             A5           2
                         0800-1EFF            100
                         1FFF-1FFF              1
        EEDATA           2100-21FF            100           2
        ENTRY            005B-018D             A5           2
                         0800-1EFF            100
                         1FFF-1FFF              1
        IDLOC            2000-2003              4           2
        RAM              006C-006F              4           1
                         00A0-00EF             50
                         0110-016F             60
                         0190-01E4             55
        SFR0             0000-001F             20           1
        SFR1             0080-009F             20           1
        SFR2             0100-010F             10           1
        SFR3             0180-018F             10           1
        STACK            0110-016F             60           1
        STRCODE          005B-018D            133           2
                         0800-1EFF           1700
                         1FFF-1FFF              1
        STRING           005B-018D             A5           2
                         0800-1EFF            100
                         1FFF-1FFF              1

                                  Symbol Table

?___awdiv                     cstackBANK0  0020
?___awmod                     cstackBANK0  0020
?___lwdiv                     cstackBANK0  0020
?___lwmod                     cstackBANK0  0027
?_sprintf                     cstackBANK0  002D
Escribir_comandoLCD@Comando   cstackBANK0  0020
Escribir_stringLCD@d          cstackBANK0  0021
Escribir_stringLCD@i          cstackBANK0  0024
_ADC                          text20       01DA
_ADCON0bits                   (abs)        001F
_ADCON1bits                   (abs)        009F
_ADRESH                       (abs)        001E
_ANSEL                        (abs)        0188
_ANSELH                       (abs)        0189
_BAUDCTLbits                  (abs)        0187
_Cont_U                       bssBANK0     0048
_Escribir_comandoLCD          text17       02F8
_Escribir_stringLCD           text16       0252
_INTCONbits                   (abs)        000B
_Iniciar_LCD                  text15       05D7
_Limpiar_pantallaLCD          text14       01BE
_OSCCONbits                   (abs)        008F
_PIE1bits                     (abs)        008C
_PIR1bits                     (abs)        000C
_PORTA                        (abs)        0005
_PORTB                        (abs)        0006
_PORTBbits                    (abs)        0006
_PORTC                        (abs)        0007
_PORTCbits                    (abs)        0007
_PORTD                        (abs)        0008
_PORTDbits                    (abs)        0008
_PORTE                        (abs)        0009
_RCREG                        (abs)        001A
_RCSTAbits                    (abs)        0018
_SPBRG                        (abs)        0099
_SPBRGH                       (abs)        009A
_TRISA                        (abs)        0085
_TRISB                        (abs)        0086
_TRISC                        (abs)        0087
_TRISD                        (abs)        0088
_TRISE                        (abs)        0089
_TXREG                        (abs)        0019
_TXSTAbits                    (abs)        0098
__Habs1                       abs1         0000
__Hbank0                      bank0        0000
__Hbank1                      bank1        0000
__Hbank2                      bank2        0000
__Hbank3                      bank3        0000
__HbssBANK0                   bssBANK0     0000
__HbssCOMMON                  bssCOMMON    0000
__Hcinit                      cinit        0800
__Hclrtext                    clrtext      0000
__Hcode                       code         0000
__Hcommon                     common       0000
__Hconfig                     config       2009
__HcstackBANK0                cstackBANK0  0000
__HcstackCOMMON               cstackCOMMON 0000
__Heeprom_data                eeprom_data  0000
__Hend_init                   end_init     000F
__Hfunctab                    functab      0000
__Hinit                       init         000C
__Hintentry                   intentry     000C
__Hmaintext                   maintext     0000
__Hpowerup                    powerup      0000
__Hram                        ram          0000
__Hreset_vec                  reset_vec    0004
__Hsfr0                       sfr0         0000
__Hsfr1                       sfr1         0000
__Hsfr2                       sfr2         0000
__Hsfr3                       sfr3         0000
__Hspace_0                    (abs)        0800
__Hspace_1                    (abs)        007A
__Hspace_2                    (abs)        0000
__Hspace_3                    (abs)        0000
__Hspace_4                    (abs)        4010
__Hstack                      stack        0000
__Hstrings                    strings      0000
__Htext                       text         0000
__Labs1                       abs1         0000
__Lbank0                      bank0        0000
__Lbank1                      bank1        0000
__Lbank2                      bank2        0000
__Lbank3                      bank3        0000
__LbssBANK0                   bssBANK0     0000
__LbssCOMMON                  bssCOMMON    0000
__Lcinit                      cinit        07EF
__Lclrtext                    clrtext      0000
__Lcode                       code         0000
__Lcommon                     common       0000
__Lconfig                     config       0000
__LcstackBANK0                cstackBANK0  0000
__LcstackCOMMON               cstackCOMMON 0000
__Leeprom_data                eeprom_data  0000
__Lend_init                   end_init     000C
__Lfunctab                    functab      0000
__Linit                       init         000C
__Lintentry                   intentry     0004
__Lmaintext                   maintext     0000
__Lpowerup                    powerup      0000
__Lram                        ram          0000
__Lreset_vec                  reset_vec    0000
__Lsfr0                       sfr0         0000
__Lsfr1                       sfr1         0000
__Lsfr2                       sfr2         0000
__Lsfr3                       sfr3         0000
__Lspace_0                    (abs)        0000
__Lspace_1                    (abs)        0000
__Lspace_2                    (abs)        0000
__Lspace_3                    (abs)        0000
__Lspace_4                    (abs)        0000
__Lstack                      stack        0000
__Lstrings                    strings      0000
__Ltext                       text         0000
__S0                          (abs)        0800
__S1                          (abs)        007A
__S2                          (abs)        0000
__S3                          (abs)        0000
___awdiv                      text12       056E
___awdiv@counter              cstackBANK0  0024
___awdiv@dividend             cstackBANK0  0022
___awdiv@divisor              cstackBANK0  0020
___awdiv@quotient             cstackBANK0  0026
___awdiv@sign                 cstackBANK0  0025
___awmod                      text11       04B8
___awmod@counter              cstackBANK0  0024
___awmod@dividend             cstackBANK0  0022
___awmod@divisor              cstackBANK0  0020
___awmod@sign                 cstackBANK0  0025
___int_sp                     stack        0000
___latbits                    (abs)        0002
___lwdiv                      text9        0339
___lwdiv@counter              cstackBANK0  0024
___lwdiv@dividend             cstackBANK0  0022
___lwdiv@divisor              cstackBANK0  0020
___lwdiv@quotient             cstackBANK0  0025
___lwmod                      text8        02BC
___lwmod@counter              cstackBANK0  002C
___lwmod@dividend             cstackBANK0  0029
___lwmod@divisor              cstackBANK0  0027
___sp                         stack        0000
___stackhi                    (abs)        0000
___stacklo                    (abs)        0000
__end_of_ADC                  text20       01F8
__end_of_Escribir_comandoLCD  text17       0339
__end_of_Escribir_stringLCD   text16       0281
__end_of_Iniciar_LCD          text15       064B
__end_of_Limpiar_pantallaLCD  text14       01DA
__end_of___awdiv              text12       05D7
__end_of___awmod              text11       0513
__end_of___lwdiv              text9        037F
__end_of___lwmod              text8        02F8
__end_of__initialization      cinit        07FC
__end_of__stringtab           strings      001F
__end_of_config_ADC           text2        01BE
__end_of_conversion           text13       0224
__end_of_conversion_char      text6        056E
__end_of_dato_recibido        text4        0252
__end_of_divisor              text10       04B8
__end_of_divisor1             text5        0461
__end_of_dpowers              strings      0029
__end_of_isr                  text19       02BC
__end_of_main                 maintext     0705
__end_of_prender_ELCD         text18       01A4
__end_of_set_cursor           text3        0410
__end_of_setup                text1        03C5
__end_of_sprintf              text7        07EF
__initialization              cinit        07EF
__pbssBANK0                   bssBANK0     0048
__pbssCOMMON                  bssCOMMON    0076
__pcstackBANK0                cstackBANK0  0020
__pcstackCOMMON               cstackCOMMON 0071
__pintentry                   intentry     0004
__pmaintext                   maintext     064B
__pstrings                    strings      000F
__ptext1                      text1        037F
__ptext10                     text10       0461
__ptext11                     text11       04B8
__ptext12                     text12       056E
__ptext13                     text13       01F8
__ptext14                     text14       01BE
__ptext15                     text15       05D7
__ptext16                     text16       0252
__ptext17                     text17       02F8
__ptext18                     text18       0196
__ptext19                     text19       0281
__ptext2                      text2        01A4
__ptext20                     text20       01DA
__ptext3                      text3        03C5
__ptext4                      text4        0224
__ptext5                      text5        0410
__ptext6                      text6        0513
__ptext7                      text7        0705
__ptext8                      text8        02BC
__ptext9                      text9        0339
__size_of_ADC                 (abs)        0000
__size_of_Escribir_comandoLCD (abs)        0000
__size_of_Escribir_stringLCD  (abs)        0000
__size_of_Iniciar_LCD         (abs)        0000
__size_of_Limpiar_pantallaLCD (abs)        0000
__size_of___awdiv             (abs)        0000
__size_of___awmod             (abs)        0000
__size_of___lwdiv             (abs)        0000
__size_of___lwmod             (abs)        0000
__size_of_config_ADC          (abs)        0000
__size_of_conversion          (abs)        0000
__size_of_conversion_char     (abs)        0000
__size_of_dato_recibido       (abs)        0000
__size_of_divisor             (abs)        0000
__size_of_divisor1            (abs)        0000
__size_of_isr                 (abs)        0000
__size_of_main                (abs)        0000
__size_of_prender_ELCD        (abs)        0000
__size_of_set_cursor          (abs)        0000
__size_of_setup               (abs)        0000
__size_of_sprintf             (abs)        0000
__stringbase                  strings      001E
__stringtab                   strings      000F
_buffer1                      bssBANK0     005F
_buffer2                      bssBANK0     0055
_buffer3                      bssBANK0     004B
_config_ADC                   text2        01A4
_cont1                        bssBANK0     004A
_cont2                        bssBANK0     0049
_conversion                   text13       01F8
_conversion_char              text6        0513
_dato                         bssCOMMON    0076
_dato_recibido                text4        0224
_divisor                      text10       0461
_divisor1                     text5        0410
_dpowers                      strings      001F
_isr                          text19       0281
_main                         maintext     064B
_prender_ELCD                 text18       0196
_set_cursor                   text3        03C5
_setup                        text1        037F
_sprintf                      text7        0705
_vol1                         bssBANK0     006B
_vol2                         bssBANK0     006A
_vol3                         bssBANK0     0069
btemp                         (abs)        007E
clear_ram0                    clrtext      018E
config_ADC@channel            cstackBANK0  0020
divisor1@a                    cstackBANK0  002D
divisor1@dig                  cstackBANK0  0028
divisor1@i                    cstackBANK0  002E
divisor@a                     cstackBANK0  002B
divisor@b                     cstackBANK0  002C
divisor@dig                   cstackBANK0  0028
divisor@i                     cstackBANK0  002E
end_of_initialization         cinit        07FC
interrupt_function            intentry     0004
intlevel0                     functab      0000
intlevel1                     functab      0000
intlevel2                     functab      0000
intlevel3                     functab      0000
intlevel4                     functab      0000
intlevel5                     functab      0000
reset_vec                     reset_vec    0000
saved_w                       (abs)        007E
set_cursor@linea              cstackBANK0  0024
set_cursor@posicion           cstackBANK0  0021
sprintf@ap                    cstackBANK0  0037
sprintf@c                     cstackBANK0  003D
sprintf@f                     cstackBANK0  002D
sprintf@flag                  cstackBANK0  0038
sprintf@prec                  cstackBANK0  0039
sprintf@sp                    cstackBANK0  003C
sprintf@val                   cstackBANK0  003A
start                         init         000C
start_initialization          cinit        07EF
wtemp0                        (abs)        007E


MODULE INFORMATION

Module		Function		Class		Link	Load	Size
LAB2.c
		_main          		CODE           	064B	0000	186
		_isr           		CODE           	0281	0000	59
		_conversion_char		CODE           	0513	0000	91
		_setup         		CODE           	037F	0000	70
		_divisor       		CODE           	0461	0000	87
		_divisor1      		CODE           	0410	0000	81
		_dato_recibido 		CODE           	0224	0000	46

LAB2.c estimated size: 620

C:\Program Files\Microchip\xc8\v2.32\pic\sources\c90\common\lwmod.c
		___lwmod       		CODE           	02BC	0000	60

C:\Program Files\Microchip\xc8\v2.32\pic\sources\c90\common\lwmod.c estimated size: 60

C:\Program Files\Microchip\xc8\v2.32\pic\sources\c90\common\awmod.c
		___awmod       		CODE           	04B8	0000	91

C:\Program Files\Microchip\xc8\v2.32\pic\sources\c90\common\awmod.c estimated size: 91

shared
		__stringtab    		STRING         	000F	0000	16
		_dpowers       		STRING         	001F	0000	10
		__initialization		CODE           	07EF	0000	13

shared estimated size: 39

ADC.c
		_ADC           		CODE           	01DA	0000	30
		_conversion    		CODE           	01F8	0000	44
		_config_ADC    		CODE           	01A4	0000	26

ADC.c estimated size: 100

C:\Program Files\Microchip\xc8\v2.32\pic\sources\c90\common\doprnt.c
		_sprintf       		CODE           	0705	0000	234

C:\Program Files\Microchip\xc8\v2.32\pic\sources\c90\common\doprnt.c estimated size: 234

C:\Program Files\Microchip\xc8\v2.32\pic\sources\c90\common\lwdiv.c
		___lwdiv       		CODE           	0339	0000	70

C:\Program Files\Microchip\xc8\v2.32\pic\sources\c90\common\lwdiv.c estimated size: 70

C:\Program Files\Microchip\xc8\v2.32\pic\sources\c90\common\awdiv.c
		___awdiv       		CODE           	056E	0000	105

C:\Program Files\Microchip\xc8\v2.32\pic\sources\c90\common\awdiv.c estimated size: 105

LCD.c
		_Iniciar_LCD   		CODE           	05D7	0000	116
		_set_cursor    		CODE           	03C5	0000	75
		_Escribir_stringLCD		CODE           	0252	0000	47
		_Limpiar_pantallaLCD		CODE           	01BE	0000	28
		_Escribir_comandoLCD		CODE           	02F8	0000	65
		_prender_ELCD  		CODE           	0196	0000	14

LCD.c estimated size: 345

